// Jest Snapshot v1, https://goo.gl/fbAQLP

exports[`Card Unit Test Component should render correctly 1`] = `
<div
  className="card 
         
        
        
        
    "
>
  Panel Card content
</div>
`;
